2026-08-19 06:05:15.854: [INFO] CurrentProfilePath: F:\Android Project\FocusGrow\bin\FocusGrow.exe.WebView2\EBWebView\Default
2026-08-19 06:05:15.854: [INFO] Profiles total count: 1
2026-08-19 06:05:15.854: [INFO] Profile: name=Profile 1 path=F:\Android Project\FocusGrow\bin\FocusGrow.exe.WebView2\EBWebView\Default lastActive=null
2026-08-19 06:05:15.854: [INFO] LastUsedProfileDir: F:\Android Project\FocusGrow\bin\FocusGrow.exe.WebView2\EBWebView\Default
2026-08-19 06:05:15.854: [INFO] OnDoneLoading sync enabled: 0
2026-08-19 06:05:15.854: [INFO] BookmarkModelLoaded, ids_reassigned: 0
2026-08-19 06:05:15.854: [INFO] BookmarksLoadDropped droppedNodes=0
2026-08-19 06:05:15.854: [INFO] BookmarksSnapshot Startup total=0 bar=0 other=0 mobile=0 showBar=0 showBarNTP=1
2026-08-19 06:08:19.116: [INFO] BookmarksSnapshot Shutdown total=0 bar=0 other=0 mobile=0 showBar=0 showBarNTP=1
2026-08-19 06:09:06.690: [INFO] CurrentProfilePath: F:\Android Project\FocusGrow\bin\FocusGrow.exe.WebView2\EBWebView\Default
2026-08-19 06:09:06.690: [INFO] Profiles total count: 1
2026-08-19 06:09:06.690: [INFO] Profile: name=Profile 1 path=F:\Android Project\FocusGrow\bin\FocusGrow.exe.WebView2\EBWebView\Default lastActive=2026-08-19T06:08:18.494Z
2026-08-19 06:09:06.690: [INFO] LastUsedProfileDir: F:\Android Project\FocusGrow\bin\FocusGrow.exe.WebView2\EBWebView\Default
2026-08-19 06:09:06.690: [INFO] MostRecentlyActiveProfile: name=Profile 1 path=F:\Android Project\FocusGrow\bin\FocusGrow.exe.WebView2\EBWebView\Default lastActive=2026-08-19T06:08:18.494Z
2026-08-19 06:09:06.690: [INFO] OnDoneLoading sync enabled: 0
2026-08-19 06:09:06.690: [INFO] BookmarkModelLoaded, ids_reassigned: 0
2026-08-19 06:09:06.690: [INFO] BookmarksLoadDropped droppedNodes=0
2026-08-19 06:09:06.690: [INFO] BookmarksSnapshot Startup total=0 bar=0 other=0 mobile=0 showBar=0 showBarNTP=1
2026-08-19 06:09:06.875: [INFO] BookmarksSnapshot Shutdown total=0 bar=0 other=0 mobile=0 showBar=0 showBarNTP=1
2026-08-19 06:09:07.940: [INFO] CurrentProfilePath: F:\Android Project\FocusGrow\bin\FocusGrow.exe.WebView2\EBWebView\Default
2026-08-19 06:09:07.940: [INFO] Profiles total count: 1
2026-08-19 06:09:07.940: [INFO] Profile: name=Profile 1 path=F:\Android Project\FocusGrow\bin\FocusGrow.exe.WebView2\EBWebView\Default lastActive=2026-08-19T06:08:18.494Z
2026-08-19 06:09:07.940: [INFO] LastUsedProfileDir: F:\Android Project\FocusGrow\bin\FocusGrow.exe.WebView2\EBWebView\Default
2026-08-19 06:09:07.940: [INFO] MostRecentlyActiveProfile: name=Profile 1 path=F:\Android Project\FocusGrow\bin\FocusGrow.exe.WebView2\EBWebView\Default lastActive=2026-08-19T06:08:18.494Z
2026-08-19 06:09:07.940: [INFO] OnDoneLoading sync enabled: 0
2026-08-19 06:09:07.940: [INFO] BookmarkModelLoaded, ids_reassigned: 0
2026-08-19 06:09:07.940: [INFO] BookmarksLoadDropped droppedNodes=0
2026-08-19 06:09:07.940: [INFO] BookmarksSnapshot Startup total=0 bar=0 other=0 mobile=0 showBar=0 showBarNTP=1
2026-08-19 06:13:01.381: [INFO] BookmarksSnapshot Shutdown total=0 bar=0 other=0 mobile=0 showBar=0 showBarNTP=1
2026-08-19 06:13:14.965: [INFO] CurrentProfilePath: F:\Android Project\FocusGrow\bin\FocusGrow.exe.WebView2\EBWebView\Default
2026-08-19 06:13:14.965: [INFO] Profiles total count: 1
2026-08-19 06:13:14.965: [INFO] Profile: name=Profile 1 path=F:\Android Project\FocusGrow\bin\FocusGrow.exe.WebView2\EBWebView\Default lastActive=2026-08-19T06:12:54.210Z
2026-08-19 06:13:14.965: [INFO] LastUsedProfileDir: F:\Android Project\FocusGrow\bin\FocusGrow.exe.WebView2\EBWebView\Default
2026-08-19 06:13:14.965: [INFO] MostRecentlyActiveProfile: name=Profile 1 path=F:\Android Project\FocusGrow\bin\FocusGrow.exe.WebView2\EBWebView\Default lastActive=2026-08-19T06:12:54.210Z
2026-08-19 06:13:14.965: [INFO] OnDoneLoading sync enabled: 0
2026-08-19 06:13:14.965: [INFO] BookmarkModelLoaded, ids_reassigned: 0
2026-08-19 06:13:14.965: [INFO] BookmarksLoadDropped droppedNodes=0
2026-08-19 06:13:14.965: [INFO] BookmarksSnapshot Startup total=0 bar=0 other=0 mobile=0 showBar=0 showBarNTP=1
2026-08-19 06:16:20.176: [INFO] BookmarksSnapshot Shutdown total=0 bar=0 other=0 mobile=0 showBar=0 showBarNTP=1
2026-08-19 06:16:48.197: [INFO] CurrentProfilePath: F:\Android Project\FocusGrow\bin\FocusGrow.exe.WebView2\EBWebView\Default
2026-08-19 06:16:48.197: [INFO] Profiles total count: 1
2026-08-19 06:16:48.197: [INFO] Profile: name=Profile 1 path=F:\Android Project\FocusGrow\bin\FocusGrow.exe.WebView2\EBWebView\Default lastActive=2026-08-19T06:15:50.045Z
2026-08-19 06:16:48.197: [INFO] LastUsedProfileDir: F:\Android Project\FocusGrow\bin\FocusGrow.exe.WebView2\EBWebView\Default
2026-08-19 06:16:48.197: [INFO] MostRecentlyActiveProfile: name=Profile 1 path=F:\Android Project\FocusGrow\bin\FocusGrow.exe.WebView2\EBWebView\Default lastActive=2026-08-19T06:15:50.045Z
2026-08-19 06:16:48.197: [INFO] OnDoneLoading sync enabled: 0
2026-08-19 06:16:48.197: [INFO] BookmarkModelLoaded, ids_reassigned: 0
2026-08-19 06:16:48.197: [INFO] BookmarksLoadDropped droppedNodes=0
2026-08-19 06:16:48.197: [INFO] BookmarksSnapshot Startup total=0 bar=0 other=0 mobile=0 showBar=0 showBarNTP=1
2026-08-19 06:16:48.341: [INFO] BookmarksSnapshot Shutdown total=0 bar=0 other=0 mobile=0 showBar=0 showBarNTP=1
2026-08-19 06:17:06.305: [INFO] CurrentProfilePath: F:\Android Project\FocusGrow\bin\FocusGrow.exe.WebView2\EBWebView\Default
2026-08-19 06:17:06.305: [INFO] Profiles total count: 1
2026-08-19 06:17:06.305: [INFO] Profile: name=Profile 1 path=F:\Android Project\FocusGrow\bin\FocusGrow.exe.WebView2\EBWebView\Default lastActive=2026-08-19T06:15:50.045Z
2026-08-19 06:17:06.305: [INFO] LastUsedProfileDir: F:\Android Project\FocusGrow\bin\FocusGrow.exe.WebView2\EBWebView\Default
2026-08-19 06:17:06.305: [INFO] MostRecentlyActiveProfile: name=Profile 1 path=F:\Android Project\FocusGrow\bin\FocusGrow.exe.WebView2\EBWebView\Default lastActive=2026-08-19T06:15:50.045Z
2026-08-19 06:17:06.305: [INFO] OnDoneLoading sync enabled: 0
2026-08-19 06:17:06.305: [INFO] BookmarkModelLoaded, ids_reassigned: 0
2026-08-19 06:17:06.305: [INFO] BookmarksLoadDropped droppedNodes=0
2026-08-19 06:17:06.305: [INFO] BookmarksSnapshot Startup total=0 bar=0 other=0 mobile=0 showBar=0 showBarNTP=1
2026-08-19 06:18:09.555: [INFO] BookmarksSnapshot Shutdown total=0 bar=0 other=0 mobile=0 showBar=0 showBarNTP=1
2026-08-19 06:18:54.611: [INFO] CurrentProfilePath: F:\Android Project\FocusGrow\bin\FocusGrow.exe.WebView2\EBWebView\Default
2026-08-19 06:18:54.612: [INFO] Profiles total count: 1
2026-08-19 06:18:54.612: [INFO] Profile: name=Profile 1 path=F:\Android Project\FocusGrow\bin\FocusGrow.exe.WebView2\EBWebView\Default lastActive=2026-08-19T06:17:47.490Z
2026-08-19 06:18:54.612: [INFO] LastUsedProfileDir: F:\Android Project\FocusGrow\bin\FocusGrow.exe.WebView2\EBWebView\Default
2026-08-19 06:18:54.612: [INFO] MostRecentlyActiveProfile: name=Profile 1 path=F:\Android Project\FocusGrow\bin\FocusGrow.exe.WebView2\EBWebView\Default lastActive=2026-08-19T06:17:47.490Z
2026-08-19 06:18:54.612: [INFO] OnDoneLoading sync enabled: 0
2026-08-19 06:18:54.612: [INFO] BookmarkModelLoaded, ids_reassigned: 0
2026-08-19 06:18:54.612: [INFO] BookmarksLoadDropped droppedNodes=0
2026-08-19 06:18:54.612: [INFO] BookmarksSnapshot Startup total=0 bar=0 other=0 mobile=0 showBar=0 showBarNTP=1
2026-08-19 06:20:11.320: [INFO] BookmarksSnapshot Shutdown total=0 bar=0 other=0 mobile=0 showBar=0 showBarNTP=1
2026-08-19 06:21:09.228: [INFO] CurrentProfilePath: F:\Android Project\FocusGrow\bin\FocusGrow.exe.WebView2\EBWebView\Default
2026-08-19 06:21:09.228: [INFO] Profiles total count: 1
2026-08-19 06:21:09.229: [INFO] Profile: name=Profile 1 path=F:\Android Project\FocusGrow\bin\FocusGrow.exe.WebView2\EBWebView\Default lastActive=2026-08-19T06:20:09.635Z
2026-08-19 06:21:09.229: [INFO] LastUsedProfileDir: F:\Android Project\FocusGrow\bin\FocusGrow.exe.WebView2\EBWebView\Default
2026-08-19 06:21:09.229: [INFO] MostRecentlyActiveProfile: name=Profile 1 path=F:\Android Project\FocusGrow\bin\FocusGrow.exe.WebView2\EBWebView\Default lastActive=2026-08-19T06:20:09.635Z
2026-08-19 06:21:09.229: [INFO] OnDoneLoading sync enabled: 0
2026-08-19 06:21:09.229: [INFO] BookmarkModelLoaded, ids_reassigned: 0
2026-08-19 06:21:09.229: [INFO] BookmarksLoadDropped droppedNodes=0
2026-08-19 06:21:09.229: [INFO] BookmarksSnapshot Startup total=0 bar=0 other=0 mobile=0 showBar=0 showBarNTP=1
2026-08-19 06:21:09.367: [INFO] BookmarksSnapshot Shutdown total=0 bar=0 other=0 mobile=0 showBar=0 showBarNTP=1
2026-08-19 06:21:25.043: [INFO] CurrentProfilePath: F:\Android Project\FocusGrow\bin\FocusGrow.exe.WebView2\EBWebView\Default
2026-08-19 06:21:25.043: [INFO] Profiles total count: 1
2026-08-19 06:21:25.044: [INFO] Profile: name=Profile 1 path=F:\Android Project\FocusGrow\bin\FocusGrow.exe.WebView2\EBWebView\Default lastActive=2026-08-19T06:20:09.635Z
2026-08-19 06:21:25.044: [INFO] LastUsedProfileDir: F:\Android Project\FocusGrow\bin\FocusGrow.exe.WebView2\EBWebView\Default
2026-08-19 06:21:25.044: [INFO] MostRecentlyActiveProfile: name=Profile 1 path=F:\Android Project\FocusGrow\bin\FocusGrow.exe.WebView2\EBWebView\Default lastActive=2026-08-19T06:20:09.635Z
2026-08-19 06:21:25.044: [INFO] OnDoneLoading sync enabled: 0
2026-08-19 06:21:25.044: [INFO] BookmarkModelLoaded, ids_reassigned: 0
2026-08-19 06:21:25.044: [INFO] BookmarksLoadDropped droppedNodes=0
2026-08-19 06:21:25.044: [INFO] BookmarksSnapshot Startup total=0 bar=0 other=0 mobile=0 showBar=0 showBarNTP=1
2026-08-19 06:22:53.291: [INFO] BookmarksSnapshot Shutdown total=0 bar=0 other=0 mobile=0 showBar=0 showBarNTP=1
2026-08-19 06:24:57.268: [INFO] CurrentProfilePath: F:\Android Project\FocusGrow\bin\FocusGrow.exe.WebView2\EBWebView\Default
2026-08-19 06:24:57.268: [INFO] Profiles total count: 1
2026-08-19 06:24:57.269: [INFO] Profile: name=Profile 1 path=F:\Android Project\FocusGrow\bin\FocusGrow.exe.WebView2\EBWebView\Default lastActive=2026-08-19T06:22:27.343Z
2026-08-19 06:24:57.269: [INFO] LastUsedProfileDir: F:\Android Project\FocusGrow\bin\FocusGrow.exe.WebView2\EBWebView\Default
2026-08-19 06:24:57.269: [INFO] MostRecentlyActiveProfile: name=Profile 1 path=F:\Android Project\FocusGrow\bin\FocusGrow.exe.WebView2\EBWebView\Default lastActive=2026-08-19T06:22:27.343Z
2026-08-19 06:24:57.269: [INFO] OnDoneLoading sync enabled: 0
2026-08-19 06:24:57.269: [INFO] BookmarkModelLoaded, ids_reassigned: 0
2026-08-19 06:24:57.269: [INFO] BookmarksLoadDropped droppedNodes=0
2026-08-19 06:24:57.269: [INFO] BookmarksSnapshot Startup total=0 bar=0 other=0 mobile=0 showBar=0 showBarNTP=1
2026-08-19 06:24:57.520: [INFO] BookmarksSnapshot Shutdown total=0 bar=0 other=0 mobile=0 showBar=0 showBarNTP=1
2026-08-19 06:25:02.995: [INFO] CurrentProfilePath: F:\Android Project\FocusGrow\bin\FocusGrow.exe.WebView2\EBWebView\Default
2026-08-19 06:25:02.995: [INFO] Profiles total count: 1
2026-08-19 06:25:02.996: [INFO] Profile: name=Profile 1 path=F:\Android Project\FocusGrow\bin\FocusGrow.exe.WebView2\EBWebView\Default lastActive=2026-08-19T06:22:27.343Z
2026-08-19 06:25:02.996: [INFO] LastUsedProfileDir: F:\Android Project\FocusGrow\bin\FocusGrow.exe.WebView2\EBWebView\Default
2026-08-19 06:25:02.996: [INFO] MostRecentlyActiveProfile: name=Profile 1 path=F:\Android Project\FocusGrow\bin\FocusGrow.exe.WebView2\EBWebView\Default lastActive=2026-08-19T06:22:27.343Z
2026-08-19 06:25:02.996: [INFO] OnDoneLoading sync enabled: 0
2026-08-19 06:25:02.996: [INFO] BookmarkModelLoaded, ids_reassigned: 0
2026-08-19 06:25:02.996: [INFO] BookmarksLoadDropped droppedNodes=0
2026-08-19 06:25:02.996: [INFO] BookmarksSnapshot Startup total=0 bar=0 other=0 mobile=0 showBar=0 showBarNTP=1
2026-08-19 06:29:19.438: [INFO] BookmarksSnapshot Shutdown total=0 bar=0 other=0 mobile=0 showBar=0 showBarNTP=1
2026-08-19 06:29:54.910: [INFO] CurrentProfilePath: F:\Android Project\FocusGrow\bin\FocusGrow.exe.WebView2\EBWebView\Default
2026-08-19 06:29:54.911: [INFO] Profiles total count: 1
2026-08-19 06:29:54.911: [INFO] Profile: name=Profile 1 path=F:\Android Project\FocusGrow\bin\FocusGrow.exe.WebView2\EBWebView\Default lastActive=2026-08-19T06:28:30.575Z
2026-08-19 06:29:54.911: [INFO] LastUsedProfileDir: F:\Android Project\FocusGrow\bin\FocusGrow.exe.WebView2\EBWebView\Default
2026-08-19 06:29:54.911: [INFO] MostRecentlyActiveProfile: name=Profile 1 path=F:\Android Project\FocusGrow\bin\FocusGrow.exe.WebView2\EBWebView\Default lastActive=2026-08-19T06:28:30.575Z
2026-08-19 06:29:54.911: [INFO] OnDoneLoading sync enabled: 0
2026-08-19 06:29:54.911: [INFO] BookmarkModelLoaded, ids_reassigned: 0
2026-08-19 06:29:54.911: [INFO] BookmarksLoadDropped droppedNodes=0
2026-08-19 06:29:54.911: [INFO] BookmarksSnapshot Startup total=0 bar=0 other=0 mobile=0 showBar=0 showBarNTP=1
2026-08-19 06:29:55.049: [INFO] BookmarksSnapshot Shutdown total=0 bar=0 other=0 mobile=0 showBar=0 showBarNTP=1
2026-08-19 06:33:44.931: [INFO] CurrentProfilePath: F:\Android Project\FocusGrow\bin\FocusGrow.exe.WebView2\EBWebView\Default
2026-08-19 06:33:44.931: [INFO] Profiles total count: 1
2026-08-19 06:33:44.931: [INFO] Profile: name=Profile 1 path=F:\Android Project\FocusGrow\bin\FocusGrow.exe.WebView2\EBWebView\Default lastActive=2026-08-19T06:28:30.575Z
2026-08-19 06:33:44.931: [INFO] LastUsedProfileDir: F:\Android Project\FocusGrow\bin\FocusGrow.exe.WebView2\EBWebView\Default
2026-08-19 06:33:44.932: [INFO] MostRecentlyActiveProfile: name=Profile 1 path=F:\Android Project\FocusGrow\bin\FocusGrow.exe.WebView2\EBWebView\Default lastActive=2026-08-19T06:28:30.575Z
2026-08-19 06:33:44.932: [INFO] OnDoneLoading sync enabled: 0
2026-08-19 06:33:44.932: [INFO] BookmarkModelLoaded, ids_reassigned: 0
2026-08-19 06:33:44.932: [INFO] BookmarksLoadDropped droppedNodes=0
2026-08-19 06:33:44.932: [INFO] BookmarksSnapshot Startup total=0 bar=0 other=0 mobile=0 showBar=0 showBarNTP=1
2026-08-19 06:39:57.170: [INFO] BookmarksSnapshot Shutdown total=0 bar=0 other=0 mobile=0 showBar=0 showBarNTP=1
2026-08-19 06:40:21.599: [INFO] CurrentProfilePath: F:\Android Project\FocusGrow\bin\FocusGrow.exe.WebView2\EBWebView\Default
2026-08-19 06:40:21.599: [INFO] Profiles total count: 1
2026-08-19 06:40:21.600: [INFO] Profile: name=Profile 1 path=F:\Android Project\FocusGrow\bin\FocusGrow.exe.WebView2\EBWebView\Default lastActive=2026-08-19T06:39:30.618Z
2026-08-19 06:40:21.600: [INFO] LastUsedProfileDir: F:\Android Project\FocusGrow\bin\FocusGrow.exe.WebView2\EBWebView\Default
2026-08-19 06:40:21.600: [INFO] MostRecentlyActiveProfile: name=Profile 1 path=F:\Android Project\FocusGrow\bin\FocusGrow.exe.WebView2\EBWebView\Default lastActive=2026-08-19T06:39:30.618Z
2026-08-19 06:40:21.600: [INFO] OnDoneLoading sync enabled: 0
2026-08-19 06:40:21.600: [INFO] BookmarkModelLoaded, ids_reassigned: 0
2026-08-19 06:40:21.600: [INFO] BookmarksLoadDropped droppedNodes=0
2026-08-19 06:40:21.600: [INFO] BookmarksSnapshot Startup total=0 bar=0 other=0 mobile=0 showBar=0 showBarNTP=1
2026-08-19 06:40:21.856: [INFO] BookmarksSnapshot Shutdown total=0 bar=0 other=0 mobile=0 showBar=0 showBarNTP=1
2026-08-19 06:40:28.511: [INFO] CurrentProfilePath: F:\Android Project\FocusGrow\bin\FocusGrow.exe.WebView2\EBWebView\Default
2026-08-19 06:40:28.511: [INFO] Profiles total count: 1
2026-08-19 06:40:28.511: [INFO] Profile: name=Profile 1 path=F:\Android Project\FocusGrow\bin\FocusGrow.exe.WebView2\EBWebView\Default lastActive=2026-08-19T06:39:30.618Z
2026-08-19 06:40:28.511: [INFO] LastUsedProfileDir: F:\Android Project\FocusGrow\bin\FocusGrow.exe.WebView2\EBWebView\Default
2026-08-19 06:40:28.511: [INFO] MostRecentlyActiveProfile: name=Profile 1 path=F:\Android Project\FocusGrow\bin\FocusGrow.exe.WebView2\EBWebView\Default lastActive=2026-08-19T06:39:30.618Z
2026-08-19 06:40:28.511: [INFO] OnDoneLoading sync enabled: 0
2026-08-19 06:40:28.511: [INFO] BookmarkModelLoaded, ids_reassigned: 0
2026-08-19 06:40:28.511: [INFO] BookmarksLoadDropped droppedNodes=0
2026-08-19 06:40:28.511: [INFO] BookmarksSnapshot Startup total=0 bar=0 other=0 mobile=0 showBar=0 showBarNTP=1
2026-08-19 06:45:09.687: [INFO] BookmarksSnapshot Shutdown total=0 bar=0 other=0 mobile=0 showBar=0 showBarNTP=1
2026-08-19 06:45:19.847: [INFO] CurrentProfilePath: F:\Android Project\FocusGrow\bin\FocusGrow.exe.WebView2\EBWebView\Default
2026-08-19 06:45:19.847: [INFO] Profiles total count: 1
2026-08-19 06:45:19.847: [INFO] Profile: name=Profile 1 path=F:\Android Project\FocusGrow\bin\FocusGrow.exe.WebView2\EBWebView\Default lastActive=2026-08-19T06:44:47.180Z
2026-08-19 06:45:19.848: [INFO] LastUsedProfileDir: F:\Android Project\FocusGrow\bin\FocusGrow.exe.WebView2\EBWebView\Default
2026-08-19 06:45:19.848: [INFO] MostRecentlyActiveProfile: name=Profile 1 path=F:\Android Project\FocusGrow\bin\FocusGrow.exe.WebView2\EBWebView\Default lastActive=2026-08-19T06:44:47.180Z
2026-08-19 06:45:19.848: [INFO] OnDoneLoading sync enabled: 0
2026-08-19 06:45:19.848: [INFO] BookmarkModelLoaded, ids_reassigned: 0
2026-08-19 06:45:19.848: [INFO] BookmarksLoadDropped droppedNodes=0
2026-08-19 06:45:19.848: [INFO] BookmarksSnapshot Startup total=0 bar=0 other=0 mobile=0 showBar=0 showBarNTP=1
2026-08-19 06:46:29.612: [INFO] BookmarksSnapshot Shutdown total=0 bar=0 other=0 mobile=0 showBar=0 showBarNTP=1
2026-08-19 06:46:34.081: [INFO] CurrentProfilePath: F:\Android Project\FocusGrow\bin\FocusGrow.exe.WebView2\EBWebView\Default
2026-08-19 06:46:34.081: [INFO] Profiles total count: 1
2026-08-19 06:46:34.082: [INFO] Profile: name=Profile 1 path=F:\Android Project\FocusGrow\bin\FocusGrow.exe.WebView2\EBWebView\Default lastActive=2026-08-19T06:46:27.815Z
2026-08-19 06:46:34.082: [INFO] LastUsedProfileDir: F:\Android Project\FocusGrow\bin\FocusGrow.exe.WebView2\EBWebView\Default
2026-08-19 06:46:34.082: [INFO] MostRecentlyActiveProfile: name=Profile 1 path=F:\Android Project\FocusGrow\bin\FocusGrow.exe.WebView2\EBWebView\Default lastActive=2026-08-19T06:46:27.815Z
2026-08-19 06:46:34.082: [INFO] OnDoneLoading sync enabled: 0
2026-08-19 06:46:34.082: [INFO] BookmarkModelLoaded, ids_reassigned: 0
2026-08-19 06:46:34.082: [INFO] BookmarksLoadDropped droppedNodes=0
2026-08-19 06:46:34.082: [INFO] BookmarksSnapshot Startup total=0 bar=0 other=0 mobile=0 showBar=0 showBarNTP=1
2026-08-19 06:46:38.365: [INFO] BookmarksSnapshot Shutdown total=0 bar=0 other=0 mobile=0 showBar=0 showBarNTP=1
2026-08-19 06:47:22.576: [INFO] CurrentProfilePath: F:\Android Project\FocusGrow\bin\FocusGrow.exe.WebView2\EBWebView\Default
2026-08-19 06:47:22.576: [INFO] Profiles total count: 1
2026-08-19 06:47:22.576: [INFO] Profile: name=Profile 1 path=F:\Android Project\FocusGrow\bin\FocusGrow.exe.WebView2\EBWebView\Default lastActive=2026-08-19T06:46:35.711Z
2026-08-19 06:47:22.576: [INFO] LastUsedProfileDir: F:\Android Project\FocusGrow\bin\FocusGrow.exe.WebView2\EBWebView\Default
2026-08-19 06:47:22.576: [INFO] MostRecentlyActiveProfile: name=Profile 1 path=F:\Android Project\FocusGrow\bin\FocusGrow.exe.WebView2\EBWebView\Default lastActive=2026-08-19T06:46:35.711Z
2026-08-19 06:47:22.576: [INFO] OnDoneLoading sync enabled: 0
2026-08-19 06:47:22.576: [INFO] BookmarkModelLoaded, ids_reassigned: 0
2026-08-19 06:47:22.576: [INFO] BookmarksLoadDropped droppedNodes=0
2026-08-19 06:47:22.576: [INFO] BookmarksSnapshot Startup total=0 bar=0 other=0 mobile=0 showBar=0 showBarNTP=1
2026-08-19 06:47:56.586: [INFO] BookmarksSnapshot Shutdown total=0 bar=0 other=0 mobile=0 showBar=0 showBarNTP=1
2026-08-19 06:48:57.352: [INFO] CurrentProfilePath: F:\Android Project\FocusGrow\bin\FocusGrow.exe.WebView2\EBWebView\Default
2026-08-19 06:48:57.352: [INFO] Profiles total count: 1
2026-08-19 06:48:57.352: [INFO] Profile: name=Profile 1 path=F:\Android Project\FocusGrow\bin\FocusGrow.exe.WebView2\EBWebView\Default lastActive=2026-08-19T06:47:23.596Z
2026-08-19 06:48:57.352: [INFO] LastUsedProfileDir: F:\Android Project\FocusGrow\bin\FocusGrow.exe.WebView2\EBWebView\Default
2026-08-19 06:48:57.352: [INFO] MostRecentlyActiveProfile: name=Profile 1 path=F:\Android Project\FocusGrow\bin\FocusGrow.exe.WebView2\EBWebView\Default lastActive=2026-08-19T06:47:23.596Z
2026-08-19 06:48:57.352: [INFO] OnDoneLoading sync enabled: 0
2026-08-19 06:48:57.352: [INFO] BookmarkModelLoaded, ids_reassigned: 0
2026-08-19 06:48:57.352: [INFO] BookmarksLoadDropped droppedNodes=0
2026-08-19 06:48:57.352: [INFO] BookmarksSnapshot Startup total=0 bar=0 other=0 mobile=0 showBar=0 showBarNTP=1
2026-08-19 06:50:23.091: [INFO] BookmarksSnapshot Shutdown total=0 bar=0 other=0 mobile=0 showBar=0 showBarNTP=1
2026-08-19 06:51:33.246: [INFO] CurrentProfilePath: F:\Android Project\FocusGrow\bin\FocusGrow.exe.WebView2\EBWebView\Default
2026-08-19 06:51:33.246: [INFO] Profiles total count: 1
2026-08-19 06:51:33.246: [INFO] Profile: name=Profile 1 path=F:\Android Project\FocusGrow\bin\FocusGrow.exe.WebView2\EBWebView\Default lastActive=2026-08-19T06:50:14.169Z
2026-08-19 06:51:33.246: [INFO] LastUsedProfileDir: F:\Android Project\FocusGrow\bin\FocusGrow.exe.WebView2\EBWebView\Default
2026-08-19 06:51:33.246: [INFO] MostRecentlyActiveProfile: name=Profile 1 path=F:\Android Project\FocusGrow\bin\FocusGrow.exe.WebView2\EBWebView\Default lastActive=2026-08-19T06:50:14.169Z
2026-08-19 06:51:33.246: [INFO] OnDoneLoading sync enabled: 0
2026-08-19 06:51:33.246: [INFO] BookmarkModelLoaded, ids_reassigned: 0
2026-08-19 06:51:33.246: [INFO] BookmarksLoadDropped droppedNodes=0
2026-08-19 06:51:33.246: [INFO] BookmarksSnapshot Startup total=0 bar=0 other=0 mobile=0 showBar=0 showBarNTP=1
2026-08-19 06:51:44.395: [INFO] BookmarksSnapshot Shutdown total=0 bar=0 other=0 mobile=0 showBar=0 showBarNTP=1
2026-08-19 06:51:59.425: [INFO] CurrentProfilePath: F:\Android Project\FocusGrow\bin\FocusGrow.exe.WebView2\EBWebView\Default
2026-08-19 06:51:59.425: [INFO] Profiles total count: 1
2026-08-19 06:51:59.426: [INFO] Profile: name=Profile 1 path=F:\Android Project\FocusGrow\bin\FocusGrow.exe.WebView2\EBWebView\Default lastActive=2026-08-19T06:51:40.366Z
2026-08-19 06:51:59.426: [INFO] LastUsedProfileDir: F:\Android Project\FocusGrow\bin\FocusGrow.exe.WebView2\EBWebView\Default
2026-08-19 06:51:59.426: [INFO] MostRecentlyActiveProfile: name=Profile 1 path=F:\Android Project\FocusGrow\bin\FocusGrow.exe.WebView2\EBWebView\Default lastActive=2026-08-19T06:51:40.366Z
2026-08-19 06:51:59.426: [INFO] OnDoneLoading sync enabled: 0
2026-08-19 06:51:59.426: [INFO] BookmarkModelLoaded, ids_reassigned: 0
2026-08-19 06:51:59.426: [INFO] BookmarksLoadDropped droppedNodes=0
2026-08-19 06:51:59.426: [INFO] BookmarksSnapshot Startup total=0 bar=0 other=0 mobile=0 showBar=0 showBarNTP=1
2026-08-19 06:52:20.056: [INFO] BookmarksSnapshot Shutdown total=0 bar=0 other=0 mobile=0 showBar=0 showBarNTP=1
2026-08-19 06:52:45.282: [INFO] CurrentProfilePath: F:\Android Project\FocusGrow\bin\FocusGrow.exe.WebView2\EBWebView\Default
2026-08-19 06:52:45.282: [INFO] Profiles total count: 1
2026-08-19 06:52:45.283: [INFO] Profile: name=Profile 1 path=F:\Android Project\FocusGrow\bin\FocusGrow.exe.WebView2\EBWebView\Default lastActive=2026-08-19T06:52:00.378Z
2026-08-19 06:52:45.283: [INFO] LastUsedProfileDir: F:\Android Project\FocusGrow\bin\FocusGrow.exe.WebView2\EBWebView\Default
2026-08-19 06:52:45.283: [INFO] MostRecentlyActiveProfile: name=Profile 1 path=F:\Android Project\FocusGrow\bin\FocusGrow.exe.WebView2\EBWebView\Default lastActive=2026-08-19T06:52:00.378Z
2026-08-19 06:52:45.283: [INFO] OnDoneLoading sync enabled: 0
2026-08-19 06:52:45.283: [INFO] BookmarkModelLoaded, ids_reassigned: 0
2026-08-19 06:52:45.283: [INFO] BookmarksLoadDropped droppedNodes=0
2026-08-19 06:52:45.283: [INFO] BookmarksSnapshot Startup total=0 bar=0 other=0 mobile=0 showBar=0 showBarNTP=1
2026-08-19 06:52:45.417: [INFO] BookmarksSnapshot Shutdown total=0 bar=0 other=0 mobile=0 showBar=0 showBarNTP=1
2026-08-19 06:52:46.613: [INFO] CurrentProfilePath: F:\Android Project\FocusGrow\bin\FocusGrow.exe.WebView2\EBWebView\Default
2026-08-19 06:52:46.613: [INFO] Profiles total count: 1
2026-08-19 06:52:46.613: [INFO] Profile: name=Profile 1 path=F:\Android Project\FocusGrow\bin\FocusGrow.exe.WebView2\EBWebView\Default lastActive=2026-08-19T06:52:00.378Z
2026-08-19 06:52:46.613: [INFO] LastUsedProfileDir: F:\Android Project\FocusGrow\bin\FocusGrow.exe.WebView2\EBWebView\Default
2026-08-19 06:52:46.613: [INFO] MostRecentlyActiveProfile: name=Profile 1 path=F:\Android Project\FocusGrow\bin\FocusGrow.exe.WebView2\EBWebView\Default lastActive=2026-08-19T06:52:00.378Z
2026-08-19 06:52:46.614: [INFO] OnDoneLoading sync enabled: 0
2026-08-19 06:52:46.614: [INFO] BookmarkModelLoaded, ids_reassigned: 0
2026-08-19 06:52:46.614: [INFO] BookmarksLoadDropped droppedNodes=0
2026-08-19 06:52:46.614: [INFO] BookmarksSnapshot Startup total=0 bar=0 other=0 mobile=0 showBar=0 showBarNTP=1
2026-08-19 06:56:31.687: [INFO] BookmarksSnapshot Shutdown total=0 bar=0 other=0 mobile=0 showBar=0 showBarNTP=1
2026-08-19 06:56:44.566: [INFO] CurrentProfilePath: F:\Android Project\FocusGrow\bin\FocusGrow.exe.WebView2\EBWebView\Default
2026-08-19 06:56:44.566: [INFO] Profiles total count: 1
2026-08-19 06:56:44.567: [INFO] Profile: name=Profile 1 path=F:\Android Project\FocusGrow\bin\FocusGrow.exe.WebView2\EBWebView\Default lastActive=2026-08-19T06:56:03.027Z
2026-08-19 06:56:44.567: [INFO] LastUsedProfileDir: F:\Android Project\FocusGrow\bin\FocusGrow.exe.WebView2\EBWebView\Default
2026-08-19 06:56:44.567: [INFO] MostRecentlyActiveProfile: name=Profile 1 path=F:\Android Project\FocusGrow\bin\FocusGrow.exe.WebView2\EBWebView\Default lastActive=2026-08-19T06:56:03.027Z
2026-08-19 06:56:44.567: [INFO] OnDoneLoading sync enabled: 0
2026-08-19 06:56:44.567: [INFO] BookmarkModelLoaded, ids_reassigned: 0
2026-08-19 06:56:44.567: [INFO] BookmarksLoadDropped droppedNodes=0
2026-08-19 06:56:44.567: [INFO] BookmarksSnapshot Startup total=0 bar=0 other=0 mobile=0 showBar=0 showBarNTP=1
2026-08-19 06:58:48.776: [INFO] BookmarksSnapshot Shutdown total=0 bar=0 other=0 mobile=0 showBar=0 showBarNTP=1
2026-08-19 06:59:03.320: [INFO] CurrentProfilePath: F:\Android Project\FocusGrow\bin\FocusGrow.exe.WebView2\EBWebView\Default
2026-08-19 06:59:03.320: [INFO] Profiles total count: 1
2026-08-19 06:59:03.320: [INFO] Profile: name=Profile 1 path=F:\Android Project\FocusGrow\bin\FocusGrow.exe.WebView2\EBWebView\Default lastActive=2026-08-19T06:58:44.364Z
2026-08-19 06:59:03.320: [INFO] LastUsedProfileDir: F:\Android Project\FocusGrow\bin\FocusGrow.exe.WebView2\EBWebView\Default
2026-08-19 06:59:03.320: [INFO] MostRecentlyActiveProfile: name=Profile 1 path=F:\Android Project\FocusGrow\bin\FocusGrow.exe.WebView2\EBWebView\Default lastActive=2026-08-19T06:58:44.364Z
2026-08-19 06:59:03.320: [INFO] OnDoneLoading sync enabled: 0
2026-08-19 06:59:03.320: [INFO] BookmarkModelLoaded, ids_reassigned: 0
2026-08-19 06:59:03.320: [INFO] BookmarksLoadDropped droppedNodes=0
2026-08-19 06:59:03.320: [INFO] BookmarksSnapshot Startup total=0 bar=0 other=0 mobile=0 showBar=0 showBarNTP=1
2026-08-19 06:59:03.461: [INFO] BookmarksSnapshot Shutdown total=0 bar=0 other=0 mobile=0 showBar=0 showBarNTP=1
2026-08-19 06:59:32.971: [INFO] CurrentProfilePath: F:\Android Project\FocusGrow\bin\FocusGrow.exe.WebView2\EBWebView\Default
2026-08-19 06:59:32.971: [INFO] Profiles total count: 1
2026-08-19 06:59:32.972: [INFO] Profile: name=Profile 1 path=F:\Android Project\FocusGrow\bin\FocusGrow.exe.WebView2\EBWebView\Default lastActive=2026-08-19T06:58:44.364Z
2026-08-19 06:59:32.972: [INFO] LastUsedProfileDir: F:\Android Project\FocusGrow\bin\FocusGrow.exe.WebView2\EBWebView\Default
2026-08-19 06:59:32.972: [INFO] MostRecentlyActiveProfile: name=Profile 1 path=F:\Android Project\FocusGrow\bin\FocusGrow.exe.WebView2\EBWebView\Default lastActive=2026-08-19T06:58:44.364Z
2026-08-19 06:59:32.972: [INFO] OnDoneLoading sync enabled: 0
2026-08-19 06:59:32.972: [INFO] BookmarkModelLoaded, ids_reassigned: 0
2026-08-19 06:59:32.972: [INFO] BookmarksLoadDropped droppedNodes=0
2026-08-19 06:59:32.972: [INFO] BookmarksSnapshot Startup total=0 bar=0 other=0 mobile=0 showBar=0 showBarNTP=1
2026-08-19 06:59:47.935: [INFO] BookmarksSnapshot Shutdown total=0 bar=0 other=0 mobile=0 showBar=0 showBarNTP=1
2026-08-19 06:59:57.500: [INFO] CurrentProfilePath: F:\Android Project\FocusGrow\bin\FocusGrow.exe.WebView2\EBWebView\Default
2026-08-19 06:59:57.500: [INFO] Profiles total count: 1
2026-08-19 06:59:57.500: [INFO] Profile: name=Profile 1 path=F:\Android Project\FocusGrow\bin\FocusGrow.exe.WebView2\EBWebView\Default lastActive=2026-08-19T06:59:38.220Z
2026-08-19 06:59:57.500: [INFO] LastUsedProfileDir: F:\Android Project\FocusGrow\bin\FocusGrow.exe.WebView2\EBWebView\Default
2026-08-19 06:59:57.500: [INFO] MostRecentlyActiveProfile: name=Profile 1 path=F:\Android Project\FocusGrow\bin\FocusGrow.exe.WebView2\EBWebView\Default lastActive=2026-08-19T06:59:38.220Z
2026-08-19 06:59:57.500: [INFO] OnDoneLoading sync enabled: 0
2026-08-19 06:59:57.500: [INFO] BookmarkModelLoaded, ids_reassigned: 0
2026-08-19 06:59:57.500: [INFO] BookmarksLoadDropped droppedNodes=0
2026-08-19 06:59:57.500: [INFO] BookmarksSnapshot Startup total=0 bar=0 other=0 mobile=0 showBar=0 showBarNTP=1
2026-08-19 07:00:09.167: [INFO] BookmarksSnapshot Shutdown total=0 bar=0 other=0 mobile=0 showBar=0 showBarNTP=1
2026-08-19 07:00:11.783: [INFO] CurrentProfilePath: F:\Android Project\FocusGrow\bin\FocusGrow.exe.WebView2\EBWebView\Default
2026-08-19 07:00:11.783: [INFO] Profiles total count: 1
2026-08-19 07:00:11.783: [INFO] Profile: name=Profile 1 path=F:\Android Project\FocusGrow\bin\FocusGrow.exe.WebView2\EBWebView\Default lastActive=2026-08-19T07:00:01.257Z
2026-08-19 07:00:11.783: [INFO] LastUsedProfileDir: F:\Android Project\FocusGrow\bin\FocusGrow.exe.WebView2\EBWebView\Default
2026-08-19 07:00:11.783: [INFO] MostRecentlyActiveProfile: name=Profile 1 path=F:\Android Project\FocusGrow\bin\FocusGrow.exe.WebView2\EBWebView\Default lastActive=2026-08-19T07:00:01.257Z
2026-08-19 07:00:11.783: [INFO] OnDoneLoading sync enabled: 0
2026-08-19 07:00:11.783: [INFO] BookmarkModelLoaded, ids_reassigned: 0
2026-08-19 07:00:11.783: [INFO] BookmarksLoadDropped droppedNodes=0
2026-08-19 07:00:11.783: [INFO] BookmarksSnapshot Startup total=0 bar=0 other=0 mobile=0 showBar=0 showBarNTP=1
2026-08-19 07:00:47.999: [INFO] BookmarksSnapshot Shutdown total=0 bar=0 other=0 mobile=0 showBar=0 showBarNTP=1
2026-08-19 07:01:08.313: [INFO] CurrentProfilePath: F:\Android Project\FocusGrow\bin\FocusGrow.exe.WebView2\EBWebView\Default
2026-08-19 07:01:08.313: [INFO] Profiles total count: 1
2026-08-19 07:01:08.314: [INFO] Profile: name=Profile 1 path=F:\Android Project\FocusGrow\bin\FocusGrow.exe.WebView2\EBWebView\Default lastActive=2026-08-19T07:00:46.346Z
2026-08-19 07:01:08.314: [INFO] LastUsedProfileDir: F:\Android Project\FocusGrow\bin\FocusGrow.exe.WebView2\EBWebView\Default
2026-08-19 07:01:08.314: [INFO] MostRecentlyActiveProfile: name=Profile 1 path=F:\Android Project\FocusGrow\bin\FocusGrow.exe.WebView2\EBWebView\Default lastActive=2026-08-19T07:00:46.346Z
2026-08-19 07:01:08.314: [INFO] OnDoneLoading sync enabled: 0
2026-08-19 07:01:08.314: [INFO] BookmarkModelLoaded, ids_reassigned: 0
2026-08-19 07:01:08.314: [INFO] BookmarksLoadDropped droppedNodes=0
2026-08-19 07:01:08.314: [INFO] BookmarksSnapshot Startup total=0 bar=0 other=0 mobile=0 showBar=0 showBarNTP=1
2026-08-19 07:01:55.237: [INFO] BookmarksSnapshot Shutdown total=0 bar=0 other=0 mobile=0 showBar=0 showBarNTP=1
2026-08-19 07:02:08.483: [INFO] CurrentProfilePath: F:\Android Project\FocusGrow\bin\FocusGrow.exe.WebView2\EBWebView\Default
2026-08-19 07:02:08.483: [INFO] Profiles total count: 1
2026-08-19 07:02:08.483: [INFO] Profile: name=Profile 1 path=F:\Android Project\FocusGrow\bin\FocusGrow.exe.WebView2\EBWebView\Default lastActive=2026-08-19T07:01:09.809Z
2026-08-19 07:02:08.483: [INFO] LastUsedProfileDir: F:\Android Project\FocusGrow\bin\FocusGrow.exe.WebView2\EBWebView\Default
2026-08-19 07:02:08.483: [INFO] MostRecentlyActiveProfile: name=Profile 1 path=F:\Android Project\FocusGrow\bin\FocusGrow.exe.WebView2\EBWebView\Default lastActive=2026-08-19T07:01:09.809Z
2026-08-19 07:02:08.483: [INFO] OnDoneLoading sync enabled: 0
2026-08-19 07:02:08.483: [INFO] BookmarkModelLoaded, ids_reassigned: 0
2026-08-19 07:02:08.483: [INFO] BookmarksLoadDropped droppedNodes=0
2026-08-19 07:02:08.483: [INFO] BookmarksSnapshot Startup total=0 bar=0 other=0 mobile=0 showBar=0 showBarNTP=1
2026-08-19 07:10:37.320: [INFO] BookmarksSnapshot Shutdown total=0 bar=0 other=0 mobile=0 showBar=0 showBarNTP=1
2026-08-19 07:10:49.207: [INFO] CurrentProfilePath: F:\Android Project\FocusGrow\bin\FocusGrow.exe.WebView2\EBWebView\Default
2026-08-19 07:10:49.207: [INFO] Profiles total count: 1
2026-08-19 07:10:49.207: [INFO] Profile: name=Profile 1 path=F:\Android Project\FocusGrow\bin\FocusGrow.exe.WebView2\EBWebView\Default lastActive=2026-08-19T07:09:03.141Z
2026-08-19 07:10:49.207: [INFO] LastUsedProfileDir: F:\Android Project\FocusGrow\bin\FocusGrow.exe.WebView2\EBWebView\Default
2026-08-19 07:10:49.207: [INFO] MostRecentlyActiveProfile: name=Profile 1 path=F:\Android Project\FocusGrow\bin\FocusGrow.exe.WebView2\EBWebView\Default lastActive=2026-08-19T07:09:03.141Z
2026-08-19 07:10:49.207: [INFO] OnDoneLoading sync enabled: 0
2026-08-19 07:10:49.207: [INFO] BookmarkModelLoaded, ids_reassigned: 0
2026-08-19 07:10:49.207: [INFO] BookmarksLoadDropped droppedNodes=0
2026-08-19 07:10:49.207: [INFO] BookmarksSnapshot Startup total=0 bar=0 other=0 mobile=0 showBar=0 showBarNTP=1
2026-08-19 07:11:43.129: [INFO] BookmarksSnapshot Shutdown total=0 bar=0 other=0 mobile=0 showBar=0 showBarNTP=1
2026-08-19 07:12:28.330: [INFO] CurrentProfilePath: F:\Android Project\FocusGrow\bin\FocusGrow.exe.WebView2\EBWebView\Default
2026-08-19 07:12:28.330: [INFO] Profiles total count: 1
2026-08-19 07:12:28.330: [INFO] Profile: name=Profile 1 path=F:\Android Project\FocusGrow\bin\FocusGrow.exe.WebView2\EBWebView\Default lastActive=2026-08-19T07:11:36.676Z
2026-08-19 07:12:28.330: [INFO] LastUsedProfileDir: F:\Android Project\FocusGrow\bin\FocusGrow.exe.WebView2\EBWebView\Default
2026-08-19 07:12:28.330: [INFO] MostRecentlyActiveProfile: name=Profile 1 path=F:\Android Project\FocusGrow\bin\FocusGrow.exe.WebView2\EBWebView\Default lastActive=2026-08-19T07:11:36.676Z
2026-08-19 07:12:28.330: [INFO] OnDoneLoading sync enabled: 0
2026-08-19 07:12:28.330: [INFO] BookmarkModelLoaded, ids_reassigned: 0
2026-08-19 07:12:28.330: [INFO] BookmarksLoadDropped droppedNodes=0
2026-08-19 07:12:28.330: [INFO] BookmarksSnapshot Startup total=0 bar=0 other=0 mobile=0 showBar=0 showBarNTP=1
2026-08-19 07:12:37.016: [INFO] BookmarksSnapshot Shutdown total=0 bar=0 other=0 mobile=0 showBar=0 showBarNTP=1
2026-08-19 07:13:35.916: [INFO] CurrentProfilePath: F:\Android Project\FocusGrow\bin\FocusGrow.exe.WebView2\EBWebView\Default
2026-08-19 07:13:35.916: [INFO] Profiles total count: 1
2026-08-19 07:13:35.916: [INFO] Profile: name=Profile 1 path=F:\Android Project\FocusGrow\bin\FocusGrow.exe.WebView2\EBWebView\Default lastActive=2026-08-19T07:12:30.793Z
2026-08-19 07:13:35.916: [INFO] LastUsedProfileDir: F:\Android Project\FocusGrow\bin\FocusGrow.exe.WebView2\EBWebView\Default
2026-08-19 07:13:35.916: [INFO] MostRecentlyActiveProfile: name=Profile 1 path=F:\Android Project\FocusGrow\bin\FocusGrow.exe.WebView2\EBWebView\Default lastActive=2026-08-19T07:12:30.793Z
2026-08-19 07:13:35.916: [INFO] OnDoneLoading sync enabled: 0
2026-08-19 07:13:35.916: [INFO] BookmarkModelLoaded, ids_reassigned: 0
2026-08-19 07:13:35.916: [INFO] BookmarksLoadDropped droppedNodes=0
2026-08-19 07:13:35.916: [INFO] BookmarksSnapshot Startup total=0 bar=0 other=0 mobile=0 showBar=0 showBarNTP=1
2026-08-19 07:13:59.435: [INFO] BookmarksSnapshot Shutdown total=0 bar=0 other=0 mobile=0 showBar=0 showBarNTP=1
2026-08-19 07:24:21.582: [INFO] CurrentProfilePath: F:\Android Project\FocusGrow\bin\FocusGrow.exe.WebView2\EBWebView\Default
2026-08-19 07:24:21.582: [INFO] Profiles total count: 1
2026-08-19 07:24:21.583: [INFO] Profile: name=Profile 1 path=F:\Android Project\FocusGrow\bin\FocusGrow.exe.WebView2\EBWebView\Default lastActive=2026-08-19T07:13:59.168Z
2026-08-19 07:24:21.583: [INFO] LastUsedProfileDir: F:\Android Project\FocusGrow\bin\FocusGrow.exe.WebView2\EBWebView\Default
2026-08-19 07:24:21.583: [INFO] MostRecentlyActiveProfile: name=Profile 1 path=F:\Android Project\FocusGrow\bin\FocusGrow.exe.WebView2\EBWebView\Default lastActive=2026-08-19T07:13:59.168Z
2026-08-19 07:24:21.583: [INFO] OnDoneLoading sync enabled: 0
2026-08-19 07:24:21.583: [INFO] BookmarkModelLoaded, ids_reassigned: 0
2026-08-19 07:24:21.583: [INFO] BookmarksLoadDropped droppedNodes=0
2026-08-19 07:24:21.583: [INFO] BookmarksSnapshot Startup total=0 bar=0 other=0 mobile=0 showBar=0 showBarNTP=1
2026-08-19 07:24:21.758: [INFO] BookmarksSnapshot Shutdown total=0 bar=0 other=0 mobile=0 showBar=0 showBarNTP=1
2026-08-19 07:24:23.312: [INFO] CurrentProfilePath: F:\Android Project\FocusGrow\bin\FocusGrow.exe.WebView2\EBWebView\Default
2026-08-19 07:24:23.312: [INFO] Profiles total count: 1
2026-08-19 07:24:23.312: [INFO] Profile: name=Profile 1 path=F:\Android Project\FocusGrow\bin\FocusGrow.exe.WebView2\EBWebView\Default lastActive=2026-08-19T07:13:59.168Z
2026-08-19 07:24:23.312: [INFO] LastUsedProfileDir: F:\Android Project\FocusGrow\bin\FocusGrow.exe.WebView2\EBWebView\Default
2026-08-19 07:24:23.312: [INFO] MostRecentlyActiveProfile: name=Profile 1 path=F:\Android Project\FocusGrow\bin\FocusGrow.exe.WebView2\EBWebView\Default lastActive=2026-08-19T07:13:59.168Z
2026-08-19 07:24:23.312: [INFO] OnDoneLoading sync enabled: 0
2026-08-19 07:24:23.312: [INFO] BookmarkModelLoaded, ids_reassigned: 0
2026-08-19 07:24:23.312: [INFO] BookmarksLoadDropped droppedNodes=0
2026-08-19 07:24:23.312: [INFO] BookmarksSnapshot Startup total=0 bar=0 other=0 mobile=0 showBar=0 showBarNTP=1
2026-08-19 07:25:31.647: [INFO] BookmarksSnapshot Shutdown total=0 bar=0 other=0 mobile=0 showBar=0 showBarNTP=1
2026-08-19 07:27:13.338: [INFO] CurrentProfilePath: F:\Android Project\FocusGrow\bin\FocusGrow.exe.WebView2\EBWebView\Default
2026-08-19 07:27:13.338: [INFO] Profiles total count: 1
2026-08-19 07:27:13.338: [INFO] Profile: name=Profile 1 path=F:\Android Project\FocusGrow\bin\FocusGrow.exe.WebView2\EBWebView\Default lastActive=2026-08-19T07:25:20.739Z
2026-08-19 07:27:13.338: [INFO] LastUsedProfileDir: F:\Android Project\FocusGrow\bin\FocusGrow.exe.WebView2\EBWebView\Default
2026-08-19 07:27:13.338: [INFO] MostRecentlyActiveProfile: name=Profile 1 path=F:\Android Project\FocusGrow\bin\FocusGrow.exe.WebView2\EBWebView\Default lastActive=2026-08-19T07:25:20.739Z
2026-08-19 07:27:13.338: [INFO] OnDoneLoading sync enabled: 0
2026-08-19 07:27:13.338: [INFO] BookmarkModelLoaded, ids_reassigned: 0
2026-08-19 07:27:13.338: [INFO] BookmarksLoadDropped droppedNodes=0
2026-08-19 07:27:13.338: [INFO] BookmarksSnapshot Startup total=0 bar=0 other=0 mobile=0 showBar=0 showBarNTP=1
2026-08-19 07:27:13.485: [INFO] BookmarksSnapshot Shutdown total=0 bar=0 other=0 mobile=0 showBar=0 showBarNTP=1
2026-08-19 07:27:25.357: [INFO] CurrentProfilePath: F:\Android Project\FocusGrow\bin\FocusGrow.exe.WebView2\EBWebView\Default
2026-08-19 07:27:25.357: [INFO] Profiles total count: 1
2026-08-19 07:27:25.358: [INFO] Profile: name=Profile 1 path=F:\Android Project\FocusGrow\bin\FocusGrow.exe.WebView2\EBWebView\Default lastActive=2026-08-19T07:25:20.739Z
2026-08-19 07:27:25.358: [INFO] LastUsedProfileDir: F:\Android Project\FocusGrow\bin\FocusGrow.exe.WebView2\EBWebView\Default
2026-08-19 07:27:25.358: [INFO] MostRecentlyActiveProfile: name=Profile 1 path=F:\Android Project\FocusGrow\bin\FocusGrow.exe.WebView2\EBWebView\Default lastActive=2026-08-19T07:25:20.739Z
2026-08-19 07:27:25.358: [INFO] OnDoneLoading sync enabled: 0
2026-08-19 07:27:25.358: [INFO] BookmarkModelLoaded, ids_reassigned: 0
2026-08-19 07:27:25.358: [INFO] BookmarksLoadDropped droppedNodes=0
2026-08-19 07:27:25.358: [INFO] BookmarksSnapshot Startup total=0 bar=0 other=0 mobile=0 showBar=0 showBarNTP=1
2026-08-19 07:29:51.813: [INFO] BookmarksSnapshot Shutdown total=0 bar=0 other=0 mobile=0 showBar=0 showBarNTP=1
2026-08-19 07:30:16.281: [INFO] CurrentProfilePath: F:\Android Project\FocusGrow\bin\FocusGrow.exe.WebView2\EBWebView\Default
2026-08-19 07:30:16.281: [INFO] Profiles total count: 1
2026-08-19 07:30:16.282: [INFO] Profile: name=Profile 1 path=F:\Android Project\FocusGrow\bin\FocusGrow.exe.WebView2\EBWebView\Default lastActive=2026-08-19T07:25:20.739Z
2026-08-19 07:30:16.282: [INFO] LastUsedProfileDir: F:\Android Project\FocusGrow\bin\FocusGrow.exe.WebView2\EBWebView\Default
2026-08-19 07:30:16.282: [INFO] MostRecentlyActiveProfile: name=Profile 1 path=F:\Android Project\FocusGrow\bin\FocusGrow.exe.WebView2\EBWebView\Default lastActive=2026-08-19T07:25:20.739Z
2026-08-19 07:30:16.282: [INFO] OnDoneLoading sync enabled: 0
2026-08-19 07:30:16.282: [INFO] BookmarkModelLoaded, ids_reassigned: 0
2026-08-19 07:30:16.282: [INFO] BookmarksLoadDropped droppedNodes=0
2026-08-19 07:30:16.282: [INFO] BookmarksSnapshot Startup total=0 bar=0 other=0 mobile=0 showBar=0 showBarNTP=1
2026-08-19 07:30:16.398: [INFO] BookmarksSnapshot Shutdown total=0 bar=0 other=0 mobile=0 showBar=0 showBarNTP=1
2026-08-19 07:30:18.496: [INFO] CurrentProfilePath: F:\Android Project\FocusGrow\bin\FocusGrow.exe.WebView2\EBWebView\Default
2026-08-19 07:30:18.496: [INFO] Profiles total count: 1
2026-08-19 07:30:18.497: [INFO] Profile: name=Profile 1 path=F:\Android Project\FocusGrow\bin\FocusGrow.exe.WebView2\EBWebView\Default lastActive=2026-08-19T07:25:20.739Z
2026-08-19 07:30:18.497: [INFO] LastUsedProfileDir: F:\Android Project\FocusGrow\bin\FocusGrow.exe.WebView2\EBWebView\Default
2026-08-19 07:30:18.497: [INFO] MostRecentlyActiveProfile: name=Profile 1 path=F:\Android Project\FocusGrow\bin\FocusGrow.exe.WebView2\EBWebView\Default lastActive=2026-08-19T07:25:20.739Z
2026-08-19 07:30:18.497: [INFO] OnDoneLoading sync enabled: 0
2026-08-19 07:30:18.497: [INFO] BookmarkModelLoaded, ids_reassigned: 0
2026-08-19 07:30:18.497: [INFO] BookmarksLoadDropped droppedNodes=0
2026-08-19 07:30:18.497: [INFO] BookmarksSnapshot Startup total=0 bar=0 other=0 mobile=0 showBar=0 showBarNTP=1
2026-08-19 07:32:48.634: [INFO] BookmarksSnapshot Shutdown total=0 bar=0 other=0 mobile=0 showBar=0 showBarNTP=1
2026-08-19 07:32:57.145: [INFO] CurrentProfilePath: F:\Android Project\FocusGrow\bin\FocusGrow.exe.WebView2\EBWebView\Default
2026-08-19 07:32:57.145: [INFO] Profiles total count: 1
2026-08-19 07:32:57.146: [INFO] Profile: name=Profile 1 path=F:\Android Project\FocusGrow\bin\FocusGrow.exe.WebView2\EBWebView\Default lastActive=2026-08-19T07:32:07.926Z
2026-08-19 07:32:57.146: [INFO] LastUsedProfileDir: F:\Android Project\FocusGrow\bin\FocusGrow.exe.WebView2\EBWebView\Default
2026-08-19 07:32:57.146: [INFO] MostRecentlyActiveProfile: name=Profile 1 path=F:\Android Project\FocusGrow\bin\FocusGrow.exe.WebView2\EBWebView\Default lastActive=2026-08-19T07:32:07.926Z
2026-08-19 07:32:57.146: [INFO] OnDoneLoading sync enabled: 0
2026-08-19 07:32:57.146: [INFO] BookmarkModelLoaded, ids_reassigned: 0
2026-08-19 07:32:57.146: [INFO] BookmarksLoadDropped droppedNodes=0
2026-08-19 07:32:57.146: [INFO] BookmarksSnapshot Startup total=0 bar=0 other=0 mobile=0 showBar=0 showBarNTP=1
2026-08-19 07:33:02.835: [INFO] BookmarksSnapshot Shutdown total=0 bar=0 other=0 mobile=0 showBar=0 showBarNTP=1
2026-08-19 07:33:04.362: [INFO] CurrentProfilePath: F:\Android Project\FocusGrow\bin\FocusGrow.exe.WebView2\EBWebView\Default
2026-08-19 07:33:04.362: [INFO] Profiles total count: 1
2026-08-19 07:33:04.362: [INFO] Profile: name=Profile 1 path=F:\Android Project\FocusGrow\bin\FocusGrow.exe.WebView2\EBWebView\Default lastActive=2026-08-19T07:33:00.141Z
2026-08-19 07:33:04.362: [INFO] LastUsedProfileDir: F:\Android Project\FocusGrow\bin\FocusGrow.exe.WebView2\EBWebView\Default
2026-08-19 07:33:04.362: [INFO] MostRecentlyActiveProfile: name=Profile 1 path=F:\Android Project\FocusGrow\bin\FocusGrow.exe.WebView2\EBWebView\Default lastActive=2026-08-19T07:33:00.141Z
2026-08-19 07:33:04.362: [INFO] OnDoneLoading sync enabled: 0
2026-08-19 07:33:04.362: [INFO] BookmarkModelLoaded, ids_reassigned: 0
2026-08-19 07:33:04.362: [INFO] BookmarksLoadDropped droppedNodes=0
2026-08-19 07:33:04.362: [INFO] BookmarksSnapshot Startup total=0 bar=0 other=0 mobile=0 showBar=0 showBarNTP=1
2026-08-19 07:33:10.069: [INFO] BookmarksSnapshot Shutdown total=0 bar=0 other=0 mobile=0 showBar=0 showBarNTP=1
2026-08-19 07:33:29.980: [INFO] CurrentProfilePath: F:\Android Project\FocusGrow\bin\FocusGrow.exe.WebView2\EBWebView\Default
2026-08-19 07:33:29.980: [INFO] Profiles total count: 1
2026-08-19 07:33:29.980: [INFO] Profile: name=Profile 1 path=F:\Android Project\FocusGrow\bin\FocusGrow.exe.WebView2\EBWebView\Default lastActive=2026-08-19T07:33:05.544Z
2026-08-19 07:33:29.980: [INFO] LastUsedProfileDir: F:\Android Project\FocusGrow\bin\FocusGrow.exe.WebView2\EBWebView\Default
2026-08-19 07:33:29.980: [INFO] MostRecentlyActiveProfile: name=Profile 1 path=F:\Android Project\FocusGrow\bin\FocusGrow.exe.WebView2\EBWebView\Default lastActive=2026-08-19T07:33:05.544Z
2026-08-19 07:33:29.980: [INFO] OnDoneLoading sync enabled: 0
2026-08-19 07:33:29.980: [INFO] BookmarkModelLoaded, ids_reassigned: 0
2026-08-19 07:33:29.980: [INFO] BookmarksLoadDropped droppedNodes=0
2026-08-19 07:33:29.980: [INFO] BookmarksSnapshot Startup total=0 bar=0 other=0 mobile=0 showBar=0 showBarNTP=1
2026-08-19 07:33:30.136: [INFO] BookmarksSnapshot Shutdown total=0 bar=0 other=0 mobile=0 showBar=0 showBarNTP=1
2026-08-19 07:33:42.076: [INFO] CurrentProfilePath: F:\Android Project\FocusGrow\bin\FocusGrow.exe.WebView2\EBWebView\Default
2026-08-19 07:33:42.076: [INFO] Profiles total count: 1
2026-08-19 07:33:42.077: [INFO] Profile: name=Profile 1 path=F:\Android Project\FocusGrow\bin\FocusGrow.exe.WebView2\EBWebView\Default lastActive=2026-08-19T07:33:05.544Z
2026-08-19 07:33:42.077: [INFO] LastUsedProfileDir: F:\Android Project\FocusGrow\bin\FocusGrow.exe.WebView2\EBWebView\Default
2026-08-19 07:33:42.077: [INFO] MostRecentlyActiveProfile: name=Profile 1 path=F:\Android Project\FocusGrow\bin\FocusGrow.exe.WebView2\EBWebView\Default lastActive=2026-08-19T07:33:05.544Z
2026-08-19 07:33:42.077: [INFO] OnDoneLoading sync enabled: 0
2026-08-19 07:33:42.077: [INFO] BookmarkModelLoaded, ids_reassigned: 0
2026-08-19 07:33:42.077: [INFO] BookmarksLoadDropped droppedNodes=0
2026-08-19 07:33:42.077: [INFO] BookmarksSnapshot Startup total=0 bar=0 other=0 mobile=0 showBar=0 showBarNTP=1
2026-08-19 07:33:48.141: [INFO] BookmarksSnapshot Shutdown total=0 bar=0 other=0 mobile=0 showBar=0 showBarNTP=1
2026-08-19 07:33:53.931: [INFO] CurrentProfilePath: F:\Android Project\FocusGrow\bin\FocusGrow.exe.WebView2\EBWebView\Default
2026-08-19 07:33:53.931: [INFO] Profiles total count: 1
2026-08-19 07:33:53.931: [INFO] Profile: name=Profile 1 path=F:\Android Project\FocusGrow\bin\FocusGrow.exe.WebView2\EBWebView\Default lastActive=2026-08-19T07:33:43.945Z
2026-08-19 07:33:53.931: [INFO] LastUsedProfileDir: F:\Android Project\FocusGrow\bin\FocusGrow.exe.WebView2\EBWebView\Default
2026-08-19 07:33:53.931: [INFO] MostRecentlyActiveProfile: name=Profile 1 path=F:\Android Project\FocusGrow\bin\FocusGrow.exe.WebView2\EBWebView\Default lastActive=2026-08-19T07:33:43.945Z
2026-08-19 07:33:53.931: [INFO] OnDoneLoading sync enabled: 0
2026-08-19 07:33:53.931: [INFO] BookmarkModelLoaded, ids_reassigned: 0
2026-08-19 07:33:53.931: [INFO] BookmarksLoadDropped droppedNodes=0
2026-08-19 07:33:53.931: [INFO] BookmarksSnapshot Startup total=0 bar=0 other=0 mobile=0 showBar=0 showBarNTP=1
2026-08-19 07:33:57.280: [INFO] BookmarksSnapshot Shutdown total=0 bar=0 other=0 mobile=0 showBar=0 showBarNTP=1
2026-08-19 07:34:34.181: [INFO] CurrentProfilePath: F:\Android Project\FocusGrow\bin\FocusGrow.exe.WebView2\EBWebView\Default
2026-08-19 07:34:34.181: [INFO] Profiles total count: 1
2026-08-19 07:34:34.181: [INFO] Profile: name=Profile 1 path=F:\Android Project\FocusGrow\bin\FocusGrow.exe.WebView2\EBWebView\Default lastActive=2026-08-19T07:34:09.938Z
2026-08-19 07:34:34.181: [INFO] LastUsedProfileDir: F:\Android Project\FocusGrow\bin\FocusGrow.exe.WebView2\EBWebView\Default
2026-08-19 07:34:34.181: [INFO] MostRecentlyActiveProfile: name=Profile 1 path=F:\Android Project\FocusGrow\bin\FocusGrow.exe.WebView2\EBWebView\Default lastActive=2026-08-19T07:34:09.938Z
2026-08-19 07:34:34.182: [INFO] OnDoneLoading sync enabled: 0
2026-08-19 07:34:34.182: [INFO] BookmarkModelLoaded, ids_reassigned: 0
2026-08-19 07:34:34.182: [INFO] BookmarksLoadDropped droppedNodes=0
2026-08-19 07:34:34.182: [INFO] BookmarksSnapshot Startup total=0 bar=0 other=0 mobile=0 showBar=0 showBarNTP=1
2026-08-19 07:36:58.429: [INFO] BookmarksSnapshot Shutdown total=0 bar=0 other=0 mobile=0 showBar=0 showBarNTP=1
2026-08-19 07:37:55.777: [INFO] CurrentProfilePath: F:\Android Project\FocusGrow\bin\FocusGrow.exe.WebView2\EBWebView\Default
2026-08-19 07:37:55.777: [INFO] Profiles total count: 1
2026-08-19 07:37:55.777: [INFO] Profile: name=Profile 1 path=F:\Android Project\FocusGrow\bin\FocusGrow.exe.WebView2\EBWebView\Default lastActive=2026-08-19T07:36:41.877Z
2026-08-19 07:37:55.777: [INFO] LastUsedProfileDir: F:\Android Project\FocusGrow\bin\FocusGrow.exe.WebView2\EBWebView\Default
2026-08-19 07:37:55.777: [INFO] MostRecentlyActiveProfile: name=Profile 1 path=F:\Android Project\FocusGrow\bin\FocusGrow.exe.WebView2\EBWebView\Default lastActive=2026-08-19T07:36:41.877Z
2026-08-19 07:37:55.777: [INFO] OnDoneLoading sync enabled: 0
2026-08-19 07:37:55.777: [INFO] BookmarkModelLoaded, ids_reassigned: 0
2026-08-19 07:37:55.777: [INFO] BookmarksLoadDropped droppedNodes=0
2026-08-19 07:37:55.777: [INFO] BookmarksSnapshot Startup total=0 bar=0 other=0 mobile=0 showBar=0 showBarNTP=1
2026-08-19 07:43:24.557: [INFO] BookmarksSnapshot Shutdown total=0 bar=0 other=0 mobile=0 showBar=0 showBarNTP=1
2026-08-19 07:43:39.100: [INFO] CurrentProfilePath: F:\Android Project\FocusGrow\bin\FocusGrow.exe.WebView2\EBWebView\Default
2026-08-19 07:43:39.100: [INFO] Profiles total count: 1
2026-08-19 07:43:39.100: [INFO] Profile: name=Profile 1 path=F:\Android Project\FocusGrow\bin\FocusGrow.exe.WebView2\EBWebView\Default lastActive=2026-08-19T07:42:54.344Z
2026-08-19 07:43:39.100: [INFO] LastUsedProfileDir: F:\Android Project\FocusGrow\bin\FocusGrow.exe.WebView2\EBWebView\Default
2026-08-19 07:43:39.100: [INFO] MostRecentlyActiveProfile: name=Profile 1 path=F:\Android Project\FocusGrow\bin\FocusGrow.exe.WebView2\EBWebView\Default lastActive=2026-08-19T07:42:54.344Z
2026-08-19 07:43:39.100: [INFO] OnDoneLoading sync enabled: 0
2026-08-19 07:43:39.100: [INFO] BookmarkModelLoaded, ids_reassigned: 0
2026-08-19 07:43:39.100: [INFO] BookmarksLoadDropped droppedNodes=0
2026-08-19 07:43:39.100: [INFO] BookmarksSnapshot Startup total=0 bar=0 other=0 mobile=0 showBar=0 showBarNTP=1
2026-08-19 07:43:39.229: [INFO] BookmarksSnapshot Shutdown total=0 bar=0 other=0 mobile=0 showBar=0 showBarNTP=1
2026-08-19 07:43:58.789: [INFO] CurrentProfilePath: F:\Android Project\FocusGrow\bin\FocusGrow.exe.WebView2\EBWebView\Default
2026-08-19 07:43:58.789: [INFO] Profiles total count: 1
2026-08-19 07:43:58.789: [INFO] Profile: name=Profile 1 path=F:\Android Project\FocusGrow\bin\FocusGrow.exe.WebView2\EBWebView\Default lastActive=2026-08-19T07:42:54.344Z
2026-08-19 07:43:58.789: [INFO] LastUsedProfileDir: F:\Android Project\FocusGrow\bin\FocusGrow.exe.WebView2\EBWebView\Default
2026-08-19 07:43:58.790: [INFO] MostRecentlyActiveProfile: name=Profile 1 path=F:\Android Project\FocusGrow\bin\FocusGrow.exe.WebView2\EBWebView\Default lastActive=2026-08-19T07:42:54.344Z
2026-08-19 07:43:58.790: [INFO] OnDoneLoading sync enabled: 0
2026-08-19 07:43:58.790: [INFO] BookmarkModelLoaded, ids_reassigned: 0
2026-08-19 07:43:58.790: [INFO] BookmarksLoadDropped droppedNodes=0
2026-08-19 07:43:58.790: [INFO] BookmarksSnapshot Startup total=0 bar=0 other=0 mobile=0 showBar=0 showBarNTP=1
2026-08-19 07:44:26.363: [INFO] BookmarksSnapshot Shutdown total=0 bar=0 other=0 mobile=0 showBar=0 showBarNTP=1
2026-08-19 07:44:54.010: [INFO] CurrentProfilePath: F:\Android Project\FocusGrow\bin\FocusGrow.exe.WebView2\EBWebView\Default
2026-08-19 07:44:54.010: [INFO] Profiles total count: 1
2026-08-19 07:44:54.010: [INFO] Profile: name=Profile 1 path=F:\Android Project\FocusGrow\bin\FocusGrow.exe.WebView2\EBWebView\Default lastActive=2026-08-19T07:44:23.495Z
2026-08-19 07:44:54.010: [INFO] LastUsedProfileDir: F:\Android Project\FocusGrow\bin\FocusGrow.exe.WebView2\EBWebView\Default
2026-08-19 07:44:54.010: [INFO] MostRecentlyActiveProfile: name=Profile 1 path=F:\Android Project\FocusGrow\bin\FocusGrow.exe.WebView2\EBWebView\Default lastActive=2026-08-19T07:44:23.495Z
2026-08-19 07:44:54.010: [INFO] OnDoneLoading sync enabled: 0
2026-08-19 07:44:54.010: [INFO] BookmarkModelLoaded, ids_reassigned: 0
2026-08-19 07:44:54.010: [INFO] BookmarksLoadDropped droppedNodes=0
2026-08-19 07:44:54.010: [INFO] BookmarksSnapshot Startup total=0 bar=0 other=0 mobile=0 showBar=0 showBarNTP=1
2026-08-19 07:44:54.187: [INFO] BookmarksSnapshot Shutdown total=0 bar=0 other=0 mobile=0 showBar=0 showBarNTP=1
2026-08-19 07:45:35.969: [INFO] CurrentProfilePath: F:\Android Project\FocusGrow\bin\FocusGrow.exe.WebView2\EBWebView\Default
2026-08-19 07:45:35.969: [INFO] Profiles total count: 1
2026-08-19 07:45:35.970: [INFO] Profile: name=Profile 1 path=F:\Android Project\FocusGrow\bin\FocusGrow.exe.WebView2\EBWebView\Default lastActive=2026-08-19T07:44:23.495Z
2026-08-19 07:45:35.970: [INFO] LastUsedProfileDir: F:\Android Project\FocusGrow\bin\FocusGrow.exe.WebView2\EBWebView\Default
2026-08-19 07:45:35.970: [INFO] MostRecentlyActiveProfile: name=Profile 1 path=F:\Android Project\FocusGrow\bin\FocusGrow.exe.WebView2\EBWebView\Default lastActive=2026-08-19T07:44:23.495Z
2026-08-19 07:45:35.970: [INFO] OnDoneLoading sync enabled: 0
2026-08-19 07:45:35.970: [INFO] BookmarkModelLoaded, ids_reassigned: 0
2026-08-19 07:45:35.970: [INFO] BookmarksLoadDropped droppedNodes=0
2026-08-19 07:45:35.970: [INFO] BookmarksSnapshot Startup total=0 bar=0 other=0 mobile=0 showBar=0 showBarNTP=1
2026-08-19 07:45:46.300: [INFO] BookmarksSnapshot Shutdown total=0 bar=0 other=0 mobile=0 showBar=0 showBarNTP=1
2026-08-19 07:46:58.446: [INFO] CurrentProfilePath: F:\Android Project\FocusGrow\bin\FocusGrow.exe.WebView2\EBWebView\Default
2026-08-19 07:46:58.446: [INFO] Profiles total count: 1
2026-08-19 07:46:58.446: [INFO] Profile: name=Profile 1 path=F:\Android Project\FocusGrow\bin\FocusGrow.exe.WebView2\EBWebView\Default lastActive=2026-08-19T07:45:44.253Z
2026-08-19 07:46:58.446: [INFO] LastUsedProfileDir: F:\Android Project\FocusGrow\bin\FocusGrow.exe.WebView2\EBWebView\Default
2026-08-19 07:46:58.447: [INFO] MostRecentlyActiveProfile: name=Profile 1 path=F:\Android Project\FocusGrow\bin\FocusGrow.exe.WebView2\EBWebView\Default lastActive=2026-08-19T07:45:44.253Z
2026-08-19 07:46:58.447: [INFO] OnDoneLoading sync enabled: 0
2026-08-19 07:46:58.447: [INFO] BookmarkModelLoaded, ids_reassigned: 0
2026-08-19 07:46:58.447: [INFO] BookmarksLoadDropped droppedNodes=0
2026-08-19 07:46:58.447: [INFO] BookmarksSnapshot Startup total=0 bar=0 other=0 mobile=0 showBar=0 showBarNTP=1
2026-08-19 07:47:15.622: [INFO] BookmarksSnapshot Shutdown total=0 bar=0 other=0 mobile=0 showBar=0 showBarNTP=1
2026-08-19 07:47:18.562: [INFO] CurrentProfilePath: F:\Android Project\FocusGrow\bin\FocusGrow.exe.WebView2\EBWebView\Default
2026-08-19 07:47:18.562: [INFO] Profiles total count: 1
2026-08-19 07:47:18.562: [INFO] Profile: name=Profile 1 path=F:\Android Project\FocusGrow\bin\FocusGrow.exe.WebView2\EBWebView\Default lastActive=2026-08-19T07:47:02.993Z
2026-08-19 07:47:18.562: [INFO] LastUsedProfileDir: F:\Android Project\FocusGrow\bin\FocusGrow.exe.WebView2\EBWebView\Default
2026-08-19 07:47:18.562: [INFO] MostRecentlyActiveProfile: name=Profile 1 path=F:\Android Project\FocusGrow\bin\FocusGrow.exe.WebView2\EBWebView\Default lastActive=2026-08-19T07:47:02.993Z
2026-08-19 07:47:18.562: [INFO] OnDoneLoading sync enabled: 0
2026-08-19 07:47:18.562: [INFO] BookmarkModelLoaded, ids_reassigned: 0
2026-08-19 07:47:18.562: [INFO] BookmarksLoadDropped droppedNodes=0
2026-08-19 07:47:18.562: [INFO] BookmarksSnapshot Startup total=0 bar=0 other=0 mobile=0 showBar=0 showBarNTP=1
2026-08-19 07:47:40.690: [INFO] BookmarksSnapshot Shutdown total=0 bar=0 other=0 mobile=0 showBar=0 showBarNTP=1
2026-08-19 07:48:18.740: [INFO] CurrentProfilePath: F:\Android Project\FocusGrow\bin\FocusGrow.exe.WebView2\EBWebView\Default
2026-08-19 07:48:18.740: [INFO] Profiles total count: 1
2026-08-19 07:48:18.741: [INFO] Profile: name=Profile 1 path=F:\Android Project\FocusGrow\bin\FocusGrow.exe.WebView2\EBWebView\Default lastActive=2026-08-19T07:47:22.639Z
2026-08-19 07:48:18.741: [INFO] LastUsedProfileDir: F:\Android Project\FocusGrow\bin\FocusGrow.exe.WebView2\EBWebView\Default
2026-08-19 07:48:18.741: [INFO] MostRecentlyActiveProfile: name=Profile 1 path=F:\Android Project\FocusGrow\bin\FocusGrow.exe.WebView2\EBWebView\Default lastActive=2026-08-19T07:47:22.639Z
2026-08-19 07:48:18.741: [INFO] OnDoneLoading sync enabled: 0
2026-08-19 07:48:18.741: [INFO] BookmarkModelLoaded, ids_reassigned: 0
2026-08-19 07:48:18.741: [INFO] BookmarksLoadDropped droppedNodes=0
2026-08-19 07:48:18.741: [INFO] BookmarksSnapshot Startup total=0 bar=0 other=0 mobile=0 showBar=0 showBarNTP=1
2026-08-19 07:48:26.750: [INFO] BookmarksSnapshot Shutdown total=0 bar=0 other=0 mobile=0 showBar=0 showBarNTP=1
2026-08-19 07:49:54.907: [INFO] CurrentProfilePath: F:\Android Project\FocusGrow\bin\FocusGrow.exe.WebView2\EBWebView\Default
2026-08-19 07:49:54.907: [INFO] Profiles total count: 1
2026-08-19 07:49:54.907: [INFO] Profile: name=Profile 1 path=F:\Android Project\FocusGrow\bin\FocusGrow.exe.WebView2\EBWebView\Default lastActive=2026-08-19T07:48:24.561Z
2026-08-19 07:49:54.907: [INFO] LastUsedProfileDir: F:\Android Project\FocusGrow\bin\FocusGrow.exe.WebView2\EBWebView\Default
2026-08-19 07:49:54.907: [INFO] MostRecentlyActiveProfile: name=Profile 1 path=F:\Android Project\FocusGrow\bin\FocusGrow.exe.WebView2\EBWebView\Default lastActive=2026-08-19T07:48:24.561Z
2026-08-19 07:49:54.907: [INFO] OnDoneLoading sync enabled: 0
2026-08-19 07:49:54.907: [INFO] BookmarkModelLoaded, ids_reassigned: 0
2026-08-19 07:49:54.907: [INFO] BookmarksLoadDropped droppedNodes=0
2026-08-19 07:49:54.907: [INFO] BookmarksSnapshot Startup total=0 bar=0 other=0 mobile=0 showBar=0 showBarNTP=1
2026-08-19 07:49:55.071: [INFO] BookmarksSnapshot Shutdown total=0 bar=0 other=0 mobile=0 showBar=0 showBarNTP=1
2026-08-19 07:49:59.591: [INFO] CurrentProfilePath: F:\Android Project\FocusGrow\bin\FocusGrow.exe.WebView2\EBWebView\Default
2026-08-19 07:49:59.591: [INFO] Profiles total count: 1
2026-08-19 07:49:59.591: [INFO] Profile: name=Profile 1 path=F:\Android Project\FocusGrow\bin\FocusGrow.exe.WebView2\EBWebView\Default lastActive=2026-08-19T07:48:24.561Z
2026-08-19 07:49:59.591: [INFO] LastUsedProfileDir: F:\Android Project\FocusGrow\bin\FocusGrow.exe.WebView2\EBWebView\Default
2026-08-19 07:49:59.591: [INFO] MostRecentlyActiveProfile: name=Profile 1 path=F:\Android Project\FocusGrow\bin\FocusGrow.exe.WebView2\EBWebView\Default lastActive=2026-08-19T07:48:24.561Z
2026-08-19 07:49:59.591: [INFO] OnDoneLoading sync enabled: 0
2026-08-19 07:49:59.591: [INFO] BookmarkModelLoaded, ids_reassigned: 0
2026-08-19 07:49:59.591: [INFO] BookmarksLoadDropped droppedNodes=0
2026-08-19 07:49:59.591: [INFO] BookmarksSnapshot Startup total=0 bar=0 other=0 mobile=0 showBar=0 showBarNTP=1
2026-08-19 07:50:17.672: [INFO] BookmarksSnapshot Shutdown total=0 bar=0 other=0 mobile=0 showBar=0 showBarNTP=1
2026-08-19 07:50:56.427: [INFO] CurrentProfilePath: F:\Android Project\FocusGrow\bin\FocusGrow.exe.WebView2\EBWebView\Default
2026-08-19 07:50:56.427: [INFO] Profiles total count: 1
2026-08-19 07:50:56.427: [INFO] Profile: name=Profile 1 path=F:\Android Project\FocusGrow\bin\FocusGrow.exe.WebView2\EBWebView\Default lastActive=2026-08-19T07:50:15.242Z
2026-08-19 07:50:56.427: [INFO] LastUsedProfileDir: F:\Android Project\FocusGrow\bin\FocusGrow.exe.WebView2\EBWebView\Default
2026-08-19 07:50:56.428: [INFO] MostRecentlyActiveProfile: name=Profile 1 path=F:\Android Project\FocusGrow\bin\FocusGrow.exe.WebView2\EBWebView\Default lastActive=2026-08-19T07:50:15.242Z
2026-08-19 07:50:56.428: [INFO] OnDoneLoading sync enabled: 0
2026-08-19 07:50:56.428: [INFO] BookmarkModelLoaded, ids_reassigned: 0
2026-08-19 07:50:56.428: [INFO] BookmarksLoadDropped droppedNodes=0
2026-08-19 07:50:56.428: [INFO] BookmarksSnapshot Startup total=0 bar=0 other=0 mobile=0 showBar=0 showBarNTP=1
2026-08-19 07:51:25.358: [INFO] BookmarksSnapshot Shutdown total=0 bar=0 other=0 mobile=0 showBar=0 showBarNTP=1
2026-08-19 07:52:23.911: [INFO] CurrentProfilePath: F:\Android Project\FocusGrow\bin\FocusGrow.exe.WebView2\EBWebView\Default
2026-08-19 07:52:23.911: [INFO] Profiles total count: 1
2026-08-19 07:52:23.911: [INFO] Profile: name=Profile 1 path=F:\Android Project\FocusGrow\bin\FocusGrow.exe.WebView2\EBWebView\Default lastActive=2026-08-19T07:51:22.984Z
2026-08-19 07:52:23.911: [INFO] LastUsedProfileDir: F:\Android Project\FocusGrow\bin\FocusGrow.exe.WebView2\EBWebView\Default
2026-08-19 07:52:23.911: [INFO] MostRecentlyActiveProfile: name=Profile 1 path=F:\Android Project\FocusGrow\bin\FocusGrow.exe.WebView2\EBWebView\Default lastActive=2026-08-19T07:51:22.984Z
2026-08-19 07:52:23.911: [INFO] OnDoneLoading sync enabled: 0
2026-08-19 07:52:23.911: [INFO] BookmarkModelLoaded, ids_reassigned: 0
2026-08-19 07:52:23.911: [INFO] BookmarksLoadDropped droppedNodes=0
2026-08-19 07:52:23.911: [INFO] BookmarksSnapshot Startup total=0 bar=0 other=0 mobile=0 showBar=0 showBarNTP=1
2026-08-19 07:54:00.612: [INFO] BookmarksSnapshot Shutdown total=0 bar=0 other=0 mobile=0 showBar=0 showBarNTP=1
2026-08-19 07:55:06.857: [INFO] CurrentProfilePath: F:\Android Project\FocusGrow\bin\FocusGrow.exe.WebView2\EBWebView\Default
2026-08-19 07:55:06.857: [INFO] Profiles total count: 1
2026-08-19 07:55:06.858: [INFO] Profile: name=Profile 1 path=F:\Android Project\FocusGrow\bin\FocusGrow.exe.WebView2\EBWebView\Default lastActive=2026-08-19T07:53:56.696Z
2026-08-19 07:55:06.858: [INFO] LastUsedProfileDir: F:\Android Project\FocusGrow\bin\FocusGrow.exe.WebView2\EBWebView\Default
2026-08-19 07:55:06.858: [INFO] MostRecentlyActiveProfile: name=Profile 1 path=F:\Android Project\FocusGrow\bin\FocusGrow.exe.WebView2\EBWebView\Default lastActive=2026-08-19T07:53:56.696Z
2026-08-19 07:55:06.858: [INFO] OnDoneLoading sync enabled: 0
2026-08-19 07:55:06.858: [INFO] BookmarkModelLoaded, ids_reassigned: 0
2026-08-19 07:55:06.858: [INFO] BookmarksLoadDropped droppedNodes=0
2026-08-19 07:55:06.858: [INFO] BookmarksSnapshot Startup total=0 bar=0 other=0 mobile=0 showBar=0 showBarNTP=1
2026-08-19 07:55:25.100: [INFO] BookmarksSnapshot Shutdown total=0 bar=0 other=0 mobile=0 showBar=0 showBarNTP=1
2026-08-19 07:57:07.287: [INFO] CurrentProfilePath: F:\Android Project\FocusGrow\bin\FocusGrow.exe.WebView2\EBWebView\Default
2026-08-19 07:57:07.287: [INFO] Profiles total count: 1
2026-08-19 07:57:07.288: [INFO] Profile: name=Profile 1 path=F:\Android Project\FocusGrow\bin\FocusGrow.exe.WebView2\EBWebView\Default lastActive=2026-08-19T07:55:09.622Z
2026-08-19 07:57:07.288: [INFO] LastUsedProfileDir: F:\Android Project\FocusGrow\bin\FocusGrow.exe.WebView2\EBWebView\Default
2026-08-19 07:57:07.288: [INFO] MostRecentlyActiveProfile: name=Profile 1 path=F:\Android Project\FocusGrow\bin\FocusGrow.exe.WebView2\EBWebView\Default lastActive=2026-08-19T07:55:09.622Z
2026-08-19 07:57:07.288: [INFO] OnDoneLoading sync enabled: 0
2026-08-19 07:57:07.288: [INFO] BookmarkModelLoaded, ids_reassigned: 0
2026-08-19 07:57:07.288: [INFO] BookmarksLoadDropped droppedNodes=0
2026-08-19 07:57:07.288: [INFO] BookmarksSnapshot Startup total=0 bar=0 other=0 mobile=0 showBar=0 showBarNTP=1
2026-08-19 07:58:02.399: [INFO] BookmarksSnapshot Shutdown total=0 bar=0 other=0 mobile=0 showBar=0 showBarNTP=1
2026-08-19 07:58:13.492: [INFO] CurrentProfilePath: F:\Android Project\FocusGrow\bin\FocusGrow.exe.WebView2\EBWebView\Default
2026-08-19 07:58:13.492: [INFO] Profiles total count: 1
2026-08-19 07:58:13.493: [INFO] Profile: name=Profile 1 path=F:\Android Project\FocusGrow\bin\FocusGrow.exe.WebView2\EBWebView\Default lastActive=2026-08-19T07:55:09.622Z
2026-08-19 07:58:13.493: [INFO] LastUsedProfileDir: F:\Android Project\FocusGrow\bin\FocusGrow.exe.WebView2\EBWebView\Default
2026-08-19 07:58:13.493: [INFO] MostRecentlyActiveProfile: name=Profile 1 path=F:\Android Project\FocusGrow\bin\FocusGrow.exe.WebView2\EBWebView\Default lastActive=2026-08-19T07:55:09.622Z
2026-08-19 07:58:13.493: [INFO] OnDoneLoading sync enabled: 0
2026-08-19 07:58:13.493: [INFO] BookmarkModelLoaded, ids_reassigned: 0
2026-08-19 07:58:13.493: [INFO] BookmarksLoadDropped droppedNodes=0
2026-08-19 07:58:13.493: [INFO] BookmarksSnapshot Startup total=0 bar=0 other=0 mobile=0 showBar=0 showBarNTP=1
2026-08-19 07:58:17.600: [INFO] BookmarksSnapshot Shutdown total=0 bar=0 other=0 mobile=0 showBar=0 showBarNTP=1
2026-08-19 08:00:20.685: [INFO] CurrentProfilePath: F:\Android Project\FocusGrow\bin\FocusGrow.exe.WebView2\EBWebView\Default
2026-08-19 08:00:20.685: [INFO] Profiles total count: 1
2026-08-19 08:00:20.686: [INFO] Profile: name=Profile 1 path=F:\Android Project\FocusGrow\bin\FocusGrow.exe.WebView2\EBWebView\Default lastActive=2026-08-19T07:58:15.366Z
2026-08-19 08:00:20.686: [INFO] LastUsedProfileDir: F:\Android Project\FocusGrow\bin\FocusGrow.exe.WebView2\EBWebView\Default
2026-08-19 08:00:20.686: [INFO] MostRecentlyActiveProfile: name=Profile 1 path=F:\Android Project\FocusGrow\bin\FocusGrow.exe.WebView2\EBWebView\Default lastActive=2026-08-19T07:58:15.366Z
2026-08-19 08:00:20.686: [INFO] OnDoneLoading sync enabled: 0
2026-08-19 08:00:20.686: [INFO] BookmarkModelLoaded, ids_reassigned: 0
2026-08-19 08:00:20.686: [INFO] BookmarksLoadDropped droppedNodes=0
2026-08-19 08:00:20.686: [INFO] BookmarksSnapshot Startup total=0 bar=0 other=0 mobile=0 showBar=0 showBarNTP=1
2026-08-19 08:00:28.814: [INFO] BookmarksSnapshot Shutdown total=0 bar=0 other=0 mobile=0 showBar=0 showBarNTP=1
2026-08-19 08:00:38.772: [INFO] CurrentProfilePath: F:\Android Project\FocusGrow\bin\FocusGrow.exe.WebView2\EBWebView\Default
2026-08-19 08:00:38.772: [INFO] Profiles total count: 1
2026-08-19 08:00:38.772: [INFO] Profile: name=Profile 1 path=F:\Android Project\FocusGrow\bin\FocusGrow.exe.WebView2\EBWebView\Default lastActive=2026-08-19T08:00:24.284Z
2026-08-19 08:00:38.772: [INFO] LastUsedProfileDir: F:\Android Project\FocusGrow\bin\FocusGrow.exe.WebView2\EBWebView\Default
2026-08-19 08:00:38.772: [INFO] MostRecentlyActiveProfile: name=Profile 1 path=F:\Android Project\FocusGrow\bin\FocusGrow.exe.WebView2\EBWebView\Default lastActive=2026-08-19T08:00:24.284Z
2026-08-19 08:00:38.772: [INFO] OnDoneLoading sync enabled: 0
2026-08-19 08:00:38.772: [INFO] BookmarkModelLoaded, ids_reassigned: 0
2026-08-19 08:00:38.772: [INFO] BookmarksLoadDropped droppedNodes=0
2026-08-19 08:00:38.772: [INFO] BookmarksSnapshot Startup total=0 bar=0 other=0 mobile=0 showBar=0 showBarNTP=1
2026-08-19 08:02:45.199: [INFO] BookmarksSnapshot Shutdown total=0 bar=0 other=0 mobile=0 showBar=0 showBarNTP=1
2026-08-19 08:04:02.708: [INFO] CurrentProfilePath: F:\Android Project\FocusGrow\bin\FocusGrow.exe.WebView2\EBWebView\Default
2026-08-19 08:04:02.708: [INFO] Profiles total count: 1
2026-08-19 08:04:02.709: [INFO] Profile: name=Profile 1 path=F:\Android Project\FocusGrow\bin\FocusGrow.exe.WebView2\EBWebView\Default lastActive=2026-08-19T08:02:44.968Z
2026-08-19 08:04:02.709: [INFO] LastUsedProfileDir: F:\Android Project\FocusGrow\bin\FocusGrow.exe.WebView2\EBWebView\Default
2026-08-19 08:04:02.709: [INFO] MostRecentlyActiveProfile: name=Profile 1 path=F:\Android Project\FocusGrow\bin\FocusGrow.exe.WebView2\EBWebView\Default lastActive=2026-08-19T08:02:44.968Z
2026-08-19 08:04:02.709: [INFO] OnDoneLoading sync enabled: 0
2026-08-19 08:04:02.709: [INFO] BookmarkModelLoaded, ids_reassigned: 0
2026-08-19 08:04:02.709: [INFO] BookmarksLoadDropped droppedNodes=0
2026-08-19 08:04:02.709: [INFO] BookmarksSnapshot Startup total=0 bar=0 other=0 mobile=0 showBar=0 showBarNTP=1
2026-08-19 08:06:30.953: [INFO] BookmarksSnapshot Shutdown total=0 bar=0 other=0 mobile=0 showBar=0 showBarNTP=1
2026-08-19 08:06:50.900: [INFO] CurrentProfilePath: F:\Android Project\FocusGrow\bin\FocusGrow.exe.WebView2\EBWebView\Default
2026-08-19 08:06:50.900: [INFO] Profiles total count: 1
2026-08-19 08:06:50.900: [INFO] Profile: name=Profile 1 path=F:\Android Project\FocusGrow\bin\FocusGrow.exe.WebView2\EBWebView\Default lastActive=2026-08-19T08:05:27.195Z
2026-08-19 08:06:50.900: [INFO] LastUsedProfileDir: F:\Android Project\FocusGrow\bin\FocusGrow.exe.WebView2\EBWebView\Default
2026-08-19 08:06:50.900: [INFO] MostRecentlyActiveProfile: name=Profile 1 path=F:\Android Project\FocusGrow\bin\FocusGrow.exe.WebView2\EBWebView\Default lastActive=2026-08-19T08:05:27.195Z
2026-08-19 08:06:50.900: [INFO] OnDoneLoading sync enabled: 0
2026-08-19 08:06:50.900: [INFO] BookmarkModelLoaded, ids_reassigned: 0
2026-08-19 08:06:50.900: [INFO] BookmarksLoadDropped droppedNodes=0
2026-08-19 08:06:50.900: [INFO] BookmarksSnapshot Startup total=0 bar=0 other=0 mobile=0 showBar=0 showBarNTP=1
2026-08-19 08:12:03.560: [INFO] BookmarksSnapshot Shutdown total=0 bar=0 other=0 mobile=0 showBar=0 showBarNTP=1
